2026-09-07 06:07:56 PID=13846 __init__.py:49 setup_logging() INFO → 'standard' logger initialized.
2026-09-07 06:08:08 PID=13846 visualize_ovt_overlays.py:87 _load_model() INFO → [LoRA] adapter checkpoint detected; bootstrap model from base path: /home/jovyan/PGOT/checkpoints/pgot_oneshot_owner_masked/checkpoint-5000
2026-09-07 06:08:29 PID=13846 builder.py:51 build_vision_tower_aux_list() INFO → Loading **Google SigLIP** Vision Tower: google/siglip2-so400m-patch16-512-interp1024
2026-09-07 06:08:29 PID=13846 builder.py:51 build_vision_tower_aux_list() INFO → Loading **Google SigLIP** Vision Tower: google/siglip2-so400m-patch14-224-interp256
[AURORA-INIT] diffusion_norm_stats_path = /home/jovyan/data/siglip2_bn_stats.pt
[DEBUG] data_std: torch.Size([1152]), data_mean: torch.Size([1152])
[AURORA-INIT] diff_head.normalize_data = True
[PGOT] Initialised — D=1536, N_register=4, n_ovt_per_object=1, N_null_bg=0, e6_coda_direct=False, e7_causal_ownership=False, e8_visual_memory=True, one_shot_reader=True, one_shot_mode=owner_masked, e8_update_mode=separate_memory, e8_layers=[], e11_dual_m4=False, memories_per_owner=1, object_memories=1, register_memories=1, reader_layers=1, query_separation=False, e12_centroid_reader=False, fvw=False, fvw_layers=[0, 8, 16, 24, 27], v12=False, v12_layers=[12, 16, 20, 24], v14=False, v14_router_depth=1, v21=False, latent_distill=False
Loading checkpoint shards:   0%|          | 0/4 [00:00<?, ?it/s]Loading checkpoint shards:  25%|██▌       | 1/4 [00:38<01:55, 38.56s/it]Loading checkpoint shards:  50%|█████     | 2/4 [01:30<01:32, 46.15s/it]Loading checkpoint shards:  75%|███████▌  | 3/4 [02:22<00:48, 48.84s/it]Loading checkpoint shards: 100%|██████████| 4/4 [02:33<00:00, 34.19s/it]Loading checkpoint shards: 100%|██████████| 4/4 [02:33<00:00, 38.45s/it]
Some weights of the model checkpoint at /home/jovyan/PGOT/checkpoints/pgot_oneshot_owner_masked/checkpoint-5000 were not used when initializing PGOTQwen2ForCausalLM: ['model.layers.0.self_attn.k_proj.base_layer.bias', 'model.layers.0.self_attn.k_proj.base_layer.weight', 'model.layers.0.self_attn.k_proj.lora_A.default.weight', 'model.layers.0.self_attn.k_proj.lora_B.default.weight', 'model.layers.0.self_attn.o_proj.base_layer.weight', 'model.layers.0.self_attn.o_proj.lora_A.default.weight', 'model.layers.0.self_attn.o_proj.lora_B.default.weight', 'model.layers.0.self_attn.q_proj.base_layer.bias', 'model.layers.0.self_attn.q_proj.base_layer.weight', 'model.layers.0.self_attn.q_proj.lora_A.default.weight', 'model.layers.0.self_attn.q_proj.lora_B.default.weight', 'model.layers.0.self_attn.v_proj.base_layer.bias', 'model.layers.0.self_attn.v_proj.base_layer.weight', 'model.layers.0.self_attn.v_proj.lora_A.default.weight', 'model.layers.0.self_attn.v_proj.lora_B.default.weight', 'model.layers.1.self_attn.k_proj.base_layer.bias', 'model.layers.1.self_attn.k_proj.base_layer.weight', 'model.layers.1.self_attn.k_proj.lora_A.default.weight', 'model.layers.1.self_attn.k_proj.lora_B.default.weight', 'model.layers.1.self_attn.o_proj.base_layer.weight', 'model.layers.1.self_attn.o_proj.lora_A.default.weight', 'model.layers.1.self_attn.o_proj.lora_B.default.weight', 'model.layers.1.self_attn.q_proj.base_layer.bias', 'model.layers.1.self_attn.q_proj.base_layer.weight', 'model.layers.1.self_attn.q_proj.lora_A.default.weight', 'model.layers.1.self_attn.q_proj.lora_B.default.weight', 'model.layers.1.self_attn.v_proj.base_layer.bias', 'model.layers.1.self_attn.v_proj.base_layer.weight', 'model.layers.1.self_attn.v_proj.lora_A.default.weight', 'model.layers.1.self_attn.v_proj.lora_B.default.weight', 'model.layers.10.self_attn.k_proj.base_layer.bias', 'model.layers.10.self_attn.k_proj.base_layer.weight', 'model.layers.10.self_attn.k_proj.lora_A.default.weight', 'model.layers.10.self_attn.k_proj.lora_B.default.weight', 'model.layers.10.self_attn.o_proj.base_layer.weight', 'model.layers.10.self_attn.o_proj.lora_A.default.weight', 'model.layers.10.self_attn.o_proj.lora_B.default.weight', 'model.layers.10.self_attn.q_proj.base_layer.bias', 'model.layers.10.self_attn.q_proj.base_layer.weight', 'model.layers.10.self_attn.q_proj.lora_A.default.weight', 'model.layers.10.self_attn.q_proj.lora_B.default.weight', 'model.layers.10.self_attn.v_proj.base_layer.bias', 'model.layers.10.self_attn.v_proj.base_layer.weight', 'model.layers.10.self_attn.v_proj.lora_A.default.weight', 'model.layers.10.self_attn.v_proj.lora_B.default.weight', 'model.layers.11.self_attn.k_proj.base_layer.bias', 'model.layers.11.self_attn.k_proj.base_layer.weight', 'model.layers.11.self_attn.k_proj.lora_A.default.weight', 'model.layers.11.self_attn.k_proj.lora_B.default.weight', 'model.layers.11.self_attn.o_proj.base_layer.weight', 'model.layers.11.self_attn.o_proj.lora_A.default.weight', 'model.layers.11.self_attn.o_proj.lora_B.default.weight', 'model.layers.11.self_attn.q_proj.base_layer.bias', 'model.layers.11.self_attn.q_proj.base_layer.weight', 'model.layers.11.self_attn.q_proj.lora_A.default.weight', 'model.layers.11.self_attn.q_proj.lora_B.default.weight', 'model.layers.11.self_attn.v_proj.base_layer.bias', 'model.layers.11.self_attn.v_proj.base_layer.weight', 'model.layers.11.self_attn.v_proj.lora_A.default.weight', 'model.layers.11.self_attn.v_proj.lora_B.default.weight', 'model.layers.12.self_attn.k_proj.base_layer.bias', 'model.layers.12.self_attn.k_proj.base_layer.weight', 'model.layers.12.self_attn.k_proj.lora_A.default.weight', 'model.layers.12.self_attn.k_proj.lora_B.default.weight', 'model.layers.12.self_attn.o_proj.base_layer.weight', 'model.layers.12.self_attn.o_proj.lora_A.default.weight', 'model.layers.12.self_attn.o_proj.lora_B.default.weight', 'model.layers.12.self_attn.q_proj.base_layer.bias', 'model.layers.12.self_attn.q_proj.base_layer.weight', 'model.layers.12.self_attn.q_proj.lora_A.default.weight', 'model.layers.12.self_attn.q_proj.lora_B.default.weight', 'model.layers.12.self_attn.v_proj.base_layer.bias', 'model.layers.12.self_attn.v_proj.base_layer.weight', 'model.layers.12.self_attn.v_proj.lora_A.default.weight', 'model.layers.12.self_attn.v_proj.lora_B.default.weight', 'model.layers.13.self_attn.k_proj.base_layer.bias', 'model.layers.13.self_attn.k_proj.base_layer.weight', 'model.layers.13.self_attn.k_proj.lora_A.default.weight', 'model.layers.13.self_attn.k_proj.lora_B.default.weight', 'model.layers.13.self_attn.o_proj.base_layer.weight', 'model.layers.13.self_attn.o_proj.lora_A.default.weight', 'model.layers.13.self_attn.o_proj.lora_B.default.weight', 'model.layers.13.self_attn.q_proj.base_layer.bias', 'model.layers.13.self_attn.q_proj.base_layer.weight', 'model.layers.13.self_attn.q_proj.lora_A.default.weight', 'model.layers.13.self_attn.q_proj.lora_B.default.weight', 'model.layers.13.self_attn.v_proj.base_layer.bias', 'model.layers.13.self_attn.v_proj.base_layer.weight', 'model.layers.13.self_attn.v_proj.lora_A.default.weight', 'model.layers.13.self_attn.v_proj.lora_B.default.weight', 'model.layers.14.self_attn.k_proj.base_layer.bias', 'model.layers.14.self_attn.k_proj.base_layer.weight', 'model.layers.14.self_attn.k_proj.lora_A.default.weight', 'model.layers.14.self_attn.k_proj.lora_B.default.weight', 'model.layers.14.self_attn.o_proj.base_layer.weight', 'model.layers.14.self_attn.o_proj.lora_A.default.weight', 'model.layers.14.self_attn.o_proj.lora_B.default.weight', 'model.layers.14.self_attn.q_proj.base_layer.bias', 'model.layers.14.self_attn.q_proj.base_layer.weight', 'model.layers.14.self_attn.q_proj.lora_A.default.weight', 'model.layers.14.self_attn.q_proj.lora_B.default.weight', 'model.layers.14.self_attn.v_proj.base_layer.bias', 'model.layers.14.self_attn.v_proj.base_layer.weight', 'model.layers.14.self_attn.v_proj.lora_A.default.weight', 'model.layers.14.self_attn.v_proj.lora_B.default.weight', 'model.layers.15.self_attn.k_proj.base_layer.bias', 'model.layers.15.self_attn.k_proj.base_layer.weight', 'model.layers.15.self_attn.k_proj.lora_A.default.weight', 'model.layers.15.self_attn.k_proj.lora_B.default.weight', 'model.layers.15.self_attn.o_proj.base_layer.weight', 'model.layers.15.self_attn.o_proj.lora_A.default.weight', 'model.layers.15.self_attn.o_proj.lora_B.default.weight', 'model.layers.15.self_attn.q_proj.base_layer.bias', 'model.layers.15.self_attn.q_proj.base_layer.weight', 'model.layers.15.self_attn.q_proj.lora_A.default.weight', 'model.layers.15.self_attn.q_proj.lora_B.default.weight', 'model.layers.15.self_attn.v_proj.base_layer.bias', 'model.layers.15.self_attn.v_proj.base_layer.weight', 'model.layers.15.self_attn.v_proj.lora_A.default.weight', 'model.layers.15.self_attn.v_proj.lora_B.default.weight', 'model.layers.16.self_attn.k_proj.base_layer.bias', 'model.layers.16.self_attn.k_proj.base_layer.weight', 'model.layers.16.self_attn.k_proj.lora_A.default.weight', 'model.layers.16.self_attn.k_proj.lora_B.default.weight', 'model.layers.16.self_attn.o_proj.base_layer.weight', 'model.layers.16.self_attn.o_proj.lora_A.default.weight', 'model.layers.16.self_attn.o_proj.lora_B.default.weight', 'model.layers.16.self_attn.q_proj.base_layer.bias', 'model.layers.16.self_attn.q_proj.base_layer.weight', 'model.layers.16.self_attn.q_proj.lora_A.default.weight', 'model.layers.16.self_attn.q_proj.lora_B.default.weight', 'model.layers.16.self_attn.v_proj.base_layer.bias', 'model.layers.16.self_attn.v_proj.base_layer.weight', 'model.layers.16.self_attn.v_proj.lora_A.default.weight', 'model.layers.16.self_attn.v_proj.lora_B.default.weight', 'model.layers.17.self_attn.k_proj.base_layer.bias', 'model.layers.17.self_attn.k_proj.base_layer.weight', 'model.layers.17.self_attn.k_proj.lora_A.default.weight', 'model.layers.17.self_attn.k_proj.lora_B.default.weight', 'model.layers.17.self_attn.o_proj.base_layer.weight', 'model.layers.17.self_attn.o_proj.lora_A.default.weight', 'model.layers.17.self_attn.o_proj.lora_B.default.weight', 'model.layers.17.self_attn.q_proj.base_layer.bias', 'model.layers.17.self_attn.q_proj.base_layer.weight', 'model.layers.17.self_attn.q_proj.lora_A.default.weight', 'model.layers.17.self_attn.q_proj.lora_B.default.weight', 'model.layers.17.self_attn.v_proj.base_layer.bias', 'model.layers.17.self_attn.v_proj.base_layer.weight', 'model.layers.17.self_attn.v_proj.lora_A.default.weight', 'model.layers.17.self_attn.v_proj.lora_B.default.weight', 'model.layers.18.self_attn.k_proj.base_layer.bias', 'model.layers.18.self_attn.k_proj.base_layer.weight', 'model.layers.18.self_attn.k_proj.lora_A.default.weight', 'model.layers.18.self_attn.k_proj.lora_B.default.weight', 'model.layers.18.self_attn.o_proj.base_layer.weight', 'model.layers.18.self_attn.o_proj.lora_A.default.weight', 'model.layers.18.self_attn.o_proj.lora_B.default.weight', 'model.layers.18.self_attn.q_proj.base_layer.bias', 'model.layers.18.self_attn.q_proj.base_layer.weight', 'model.layers.18.self_attn.q_proj.lora_A.default.weight', 'model.layers.18.self_attn.q_proj.lora_B.default.weight', 'model.layers.18.self_attn.v_proj.base_layer.bias', 'model.layers.18.self_attn.v_proj.base_layer.weight', 'model.layers.18.self_attn.v_proj.lora_A.default.weight', 'model.layers.18.self_attn.v_proj.lora_B.default.weight', 'model.layers.19.self_attn.k_proj.base_layer.bias', 'model.layers.19.self_attn.k_proj.base_layer.weight', 'model.layers.19.self_attn.k_proj.lora_A.default.weight', 'model.layers.19.self_attn.k_proj.lora_B.default.weight', 'model.layers.19.self_attn.o_proj.base_layer.weight', 'model.layers.19.self_attn.o_proj.lora_A.default.weight', 'model.layers.19.self_attn.o_proj.lora_B.default.weight', 'model.layers.19.self_attn.q_proj.base_layer.bias', 'model.layers.19.self_attn.q_proj.base_layer.weight', 'model.layers.19.self_attn.q_proj.lora_A.default.weight', 'model.layers.19.self_attn.q_proj.lora_B.default.weight', 'model.layers.19.self_attn.v_proj.base_layer.bias', 'model.layers.19.self_attn.v_proj.base_layer.weight', 'model.layers.19.self_attn.v_proj.lora_A.default.weight', 'model.layers.19.self_attn.v_proj.lora_B.default.weight', 'model.layers.2.self_attn.k_proj.base_layer.bias', 'model.layers.2.self_attn.k_proj.base_layer.weight', 'model.layers.2.self_attn.k_proj.lora_A.default.weight', 'model.layers.2.self_attn.k_proj.lora_B.default.weight', 'model.layers.2.self_attn.o_proj.base_layer.weight', 'model.layers.2.self_attn.o_proj.lora_A.default.weight', 'model.layers.2.self_attn.o_proj.lora_B.default.weight', 'model.layers.2.self_attn.q_proj.base_layer.bias', 'model.layers.2.self_attn.q_proj.base_layer.weight', 'model.layers.2.self_attn.q_proj.lora_A.default.weight', 'model.layers.2.self_attn.q_proj.lora_B.default.weight', 'model.layers.2.self_attn.v_proj.base_layer.bias', 'model.layers.2.self_attn.v_proj.base_layer.weight', 'model.layers.2.self_attn.v_proj.lora_A.default.weight', 'model.layers.2.self_attn.v_proj.lora_B.default.weight', 'model.layers.20.self_attn.k_proj.base_layer.bias', 'model.layers.20.self_attn.k_proj.base_layer.weight', 'model.layers.20.self_attn.k_proj.lora_A.default.weight', 'model.layers.20.self_attn.k_proj.lora_B.default.weight', 'model.layers.20.self_attn.o_proj.base_layer.weight', 'model.layers.20.self_attn.o_proj.lora_A.default.weight', 'model.layers.20.self_attn.o_proj.lora_B.default.weight', 'model.layers.20.self_attn.q_proj.base_layer.bias', 'model.layers.20.self_attn.q_proj.base_layer.weight', 'model.layers.20.self_attn.q_proj.lora_A.default.weight', 'model.layers.20.self_attn.q_proj.lora_B.default.weight', 'model.layers.20.self_attn.v_proj.base_layer.bias', 'model.layers.20.self_attn.v_proj.base_layer.weight', 'model.layers.20.self_attn.v_proj.lora_A.default.weight', 'model.layers.20.self_attn.v_proj.lora_B.default.weight', 'model.layers.21.self_attn.k_proj.base_layer.bias', 'model.layers.21.self_attn.k_proj.base_layer.weight', 'model.layers.21.self_attn.k_proj.lora_A.default.weight', 'model.layers.21.self_attn.k_proj.lora_B.default.weight', 'model.layers.21.self_attn.o_proj.base_layer.weight', 'model.layers.21.self_attn.o_proj.lora_A.default.weight', 'model.layers.21.self_attn.o_proj.lora_B.default.weight', 'model.layers.21.self_attn.q_proj.base_layer.bias', 'model.layers.21.self_attn.q_proj.base_layer.weight', 'model.layers.21.self_attn.q_proj.lora_A.default.weight', 'model.layers.21.self_attn.q_proj.lora_B.default.weight', 'model.layers.21.self_attn.v_proj.base_layer.bias', 'model.layers.21.self_attn.v_proj.base_layer.weight', 'model.layers.21.self_attn.v_proj.lora_A.default.weight', 'model.layers.21.self_attn.v_proj.lora_B.default.weight', 'model.layers.22.self_attn.k_proj.base_layer.bias', 'model.layers.22.self_attn.k_proj.base_layer.weight', 'model.layers.22.self_attn.k_proj.lora_A.default.weight', 'model.layers.22.self_attn.k_proj.lora_B.default.weight', 'model.layers.22.self_attn.o_proj.base_layer.weight', 'model.layers.22.self_attn.o_proj.lora_A.default.weight', 'model.layers.22.self_attn.o_proj.lora_B.default.weight', 'model.layers.22.self_attn.q_proj.base_layer.bias', 'model.layers.22.self_attn.q_proj.base_layer.weight', 'model.layers.22.self_attn.q_proj.lora_A.default.weight', 'model.layers.22.self_attn.q_proj.lora_B.default.weight', 'model.layers.22.self_attn.v_proj.base_layer.bias', 'model.layers.22.self_attn.v_proj.base_layer.weight', 'model.layers.22.self_attn.v_proj.lora_A.default.weight', 'model.layers.22.self_attn.v_proj.lora_B.default.weight', 'model.layers.23.self_attn.k_proj.base_layer.bias', 'model.layers.23.self_attn.k_proj.base_layer.weight', 'model.layers.23.self_attn.k_proj.lora_A.default.weight', 'model.layers.23.self_attn.k_proj.lora_B.default.weight', 'model.layers.23.self_attn.o_proj.base_layer.weight', 'model.layers.23.self_attn.o_proj.lora_A.default.weight', 'model.layers.23.self_attn.o_proj.lora_B.default.weight', 'model.layers.23.self_attn.q_proj.base_layer.bias', 'model.layers.23.self_attn.q_proj.base_layer.weight', 'model.layers.23.self_attn.q_proj.lora_A.default.weight', 'model.layers.23.self_attn.q_proj.lora_B.default.weight', 'model.layers.23.self_attn.v_proj.base_layer.bias', 'model.layers.23.self_attn.v_proj.base_layer.weight', 'model.layers.23.self_attn.v_proj.lora_A.default.weight', 'model.layers.23.self_attn.v_proj.lora_B.default.weight', 'model.layers.24.self_attn.k_proj.base_layer.bias', 'model.layers.24.self_attn.k_proj.base_layer.weight', 'model.layers.24.self_attn.k_proj.lora_A.default.weight', 'model.layers.24.self_attn.k_proj.lora_B.default.weight', 'model.layers.24.self_attn.o_proj.base_layer.weight', 'model.layers.24.self_attn.o_proj.lora_A.default.weight', 'model.layers.24.self_attn.o_proj.lora_B.default.weight', 'model.layers.24.self_attn.q_proj.base_layer.bias', 'model.layers.24.self_attn.q_proj.base_layer.weight', 'model.layers.24.self_attn.q_proj.lora_A.default.weight', 'model.layers.24.self_attn.q_proj.lora_B.default.weight', 'model.layers.24.self_attn.v_proj.base_layer.bias', 'model.layers.24.self_attn.v_proj.base_layer.weight', 'model.layers.24.self_attn.v_proj.lora_A.default.weight', 'model.layers.24.self_attn.v_proj.lora_B.default.weight', 'model.layers.25.self_attn.k_proj.base_layer.bias', 'model.layers.25.self_attn.k_proj.base_layer.weight', 'model.layers.25.self_attn.k_proj.lora_A.default.weight', 'model.layers.25.self_attn.k_proj.lora_B.default.weight', 'model.layers.25.self_attn.o_proj.base_layer.weight', 'model.layers.25.self_attn.o_proj.lora_A.default.weight', 'model.layers.25.self_attn.o_proj.lora_B.default.weight', 'model.layers.25.self_attn.q_proj.base_layer.bias', 'model.layers.25.self_attn.q_proj.base_layer.weight', 'model.layers.25.self_attn.q_proj.lora_A.default.weight', 'model.layers.25.self_attn.q_proj.lora_B.default.weight', 'model.layers.25.self_attn.v_proj.base_layer.bias', 'model.layers.25.self_attn.v_proj.base_layer.weight', 'model.layers.25.self_attn.v_proj.lora_A.default.weight', 'model.layers.25.self_attn.v_proj.lora_B.default.weight', 'model.layers.26.self_attn.k_proj.base_layer.bias', 'model.layers.26.self_attn.k_proj.base_layer.weight', 'model.layers.26.self_attn.k_proj.lora_A.default.weight', 'model.layers.26.self_attn.k_proj.lora_B.default.weight', 'model.layers.26.self_attn.o_proj.base_layer.weight', 'model.layers.26.self_attn.o_proj.lora_A.default.weight', 'model.layers.26.self_attn.o_proj.lora_B.default.weight', 'model.layers.26.self_attn.q_proj.base_layer.bias', 'model.layers.26.self_attn.q_proj.base_layer.weight', 'model.layers.26.self_attn.q_proj.lora_A.default.weight', 'model.layers.26.self_attn.q_proj.lora_B.default.weight', 'model.layers.26.self_attn.v_proj.base_layer.bias', 'model.layers.26.self_attn.v_proj.base_layer.weight', 'model.layers.26.self_attn.v_proj.lora_A.default.weight', 'model.layers.26.self_attn.v_proj.lora_B.default.weight', 'model.layers.27.self_attn.k_proj.base_layer.bias', 'model.layers.27.self_attn.k_proj.base_layer.weight', 'model.layers.27.self_attn.k_proj.lora_A.default.weight', 'model.layers.27.self_attn.k_proj.lora_B.default.weight', 'model.layers.27.self_attn.o_proj.base_layer.weight', 'model.layers.27.self_attn.o_proj.lora_A.default.weight', 'model.layers.27.self_attn.o_proj.lora_B.default.weight', 'model.layers.27.self_attn.q_proj.base_layer.bias', 'model.layers.27.self_attn.q_proj.base_layer.weight', 'model.layers.27.self_attn.q_proj.lora_A.default.weight', 'model.layers.27.self_attn.q_proj.lora_B.default.weight', 'model.layers.27.self_attn.v_proj.base_layer.bias', 'model.layers.27.self_attn.v_proj.base_layer.weight', 'model.layers.27.self_attn.v_proj.lora_A.default.weight', 'model.layers.27.self_attn.v_proj.lora_B.default.weight', 'model.layers.3.self_attn.k_proj.base_layer.bias', 'model.layers.3.self_attn.k_proj.base_layer.weight', 'model.layers.3.self_attn.k_proj.lora_A.default.weight', 'model.layers.3.self_attn.k_proj.lora_B.default.weight', 'model.layers.3.self_attn.o_proj.base_layer.weight', 'model.layers.3.self_attn.o_proj.lora_A.default.weight', 'model.layers.3.self_attn.o_proj.lora_B.default.weight', 'model.layers.3.self_attn.q_proj.base_layer.bias', 'model.layers.3.self_attn.q_proj.base_layer.weight', 'model.layers.3.self_attn.q_proj.lora_A.default.weight', 'model.layers.3.self_attn.q_proj.lora_B.default.weight', 'model.layers.3.self_attn.v_proj.base_layer.bias', 'model.layers.3.self_attn.v_proj.base_layer.weight', 'model.layers.3.self_attn.v_proj.lora_A.default.weight', 'model.layers.3.self_attn.v_proj.lora_B.default.weight', 'model.layers.4.self_attn.k_proj.base_layer.bias', 'model.layers.4.self_attn.k_proj.base_layer.weight', 'model.layers.4.self_attn.k_proj.lora_A.default.weight', 'model.layers.4.self_attn.k_proj.lora_B.default.weight', 'model.layers.4.self_attn.o_proj.base_layer.weight', 'model.layers.4.self_attn.o_proj.lora_A.default.weight', 'model.layers.4.self_attn.o_proj.lora_B.default.weight', 'model.layers.4.self_attn.q_proj.base_layer.bias', 'model.layers.4.self_attn.q_proj.base_layer.weight', 'model.layers.4.self_attn.q_proj.lora_A.default.weight', 'model.layers.4.self_attn.q_proj.lora_B.default.weight', 'model.layers.4.self_attn.v_proj.base_layer.bias', 'model.layers.4.self_attn.v_proj.base_layer.weight', 'model.layers.4.self_attn.v_proj.lora_A.default.weight', 'model.layers.4.self_attn.v_proj.lora_B.default.weight', 'model.layers.5.self_attn.k_proj.base_layer.bias', 'model.layers.5.self_attn.k_proj.base_layer.weight', 'model.layers.5.self_attn.k_proj.lora_A.default.weight', 'model.layers.5.self_attn.k_proj.lora_B.default.weight', 'model.layers.5.self_attn.o_proj.base_layer.weight', 'model.layers.5.self_attn.o_proj.lora_A.default.weight', 'model.layers.5.self_attn.o_proj.lora_B.default.weight', 'model.layers.5.self_attn.q_proj.base_layer.bias', 'model.layers.5.self_attn.q_proj.base_layer.weight', 'model.layers.5.self_attn.q_proj.lora_A.default.weight', 'model.layers.5.self_attn.q_proj.lora_B.default.weight', 'model.layers.5.self_attn.v_proj.base_layer.bias', 'model.layers.5.self_attn.v_proj.base_layer.weight', 'model.layers.5.self_attn.v_proj.lora_A.default.weight', 'model.layers.5.self_attn.v_proj.lora_B.default.weight', 'model.layers.6.self_attn.k_proj.base_layer.bias', 'model.layers.6.self_attn.k_proj.base_layer.weight', 'model.layers.6.self_attn.k_proj.lora_A.default.weight', 'model.layers.6.self_attn.k_proj.lora_B.default.weight', 'model.layers.6.self_attn.o_proj.base_layer.weight', 'model.layers.6.self_attn.o_proj.lora_A.default.weight', 'model.layers.6.self_attn.o_proj.lora_B.default.weight', 'model.layers.6.self_attn.q_proj.base_layer.bias', 'model.layers.6.self_attn.q_proj.base_layer.weight', 'model.layers.6.self_attn.q_proj.lora_A.default.weight', 'model.layers.6.self_attn.q_proj.lora_B.default.weight', 'model.layers.6.self_attn.v_proj.base_layer.bias', 'model.layers.6.self_attn.v_proj.base_layer.weight', 'model.layers.6.self_attn.v_proj.lora_A.default.weight', 'model.layers.6.self_attn.v_proj.lora_B.default.weight', 'model.layers.7.self_attn.k_proj.base_layer.bias', 'model.layers.7.self_attn.k_proj.base_layer.weight', 'model.layers.7.self_attn.k_proj.lora_A.default.weight', 'model.layers.7.self_attn.k_proj.lora_B.default.weight', 'model.layers.7.self_attn.o_proj.base_layer.weight', 'model.layers.7.self_attn.o_proj.lora_A.default.weight', 'model.layers.7.self_attn.o_proj.lora_B.default.weight', 'model.layers.7.self_attn.q_proj.base_layer.bias', 'model.layers.7.self_attn.q_proj.base_layer.weight', 'model.layers.7.self_attn.q_proj.lora_A.default.weight', 'model.layers.7.self_attn.q_proj.lora_B.default.weight', 'model.layers.7.self_attn.v_proj.base_layer.bias', 'model.layers.7.self_attn.v_proj.base_layer.weight', 'model.layers.7.self_attn.v_proj.lora_A.default.weight', 'model.layers.7.self_attn.v_proj.lora_B.default.weight', 'model.layers.8.self_attn.k_proj.base_layer.bias', 'model.layers.8.self_attn.k_proj.base_layer.weight', 'model.layers.8.self_attn.k_proj.lora_A.default.weight', 'model.layers.8.self_attn.k_proj.lora_B.default.weight', 'model.layers.8.self_attn.o_proj.base_layer.weight', 'model.layers.8.self_attn.o_proj.lora_A.default.weight', 'model.layers.8.self_attn.o_proj.lora_B.default.weight', 'model.layers.8.self_attn.q_proj.base_layer.bias', 'model.layers.8.self_attn.q_proj.base_layer.weight', 'model.layers.8.self_attn.q_proj.lora_A.default.weight', 'model.layers.8.self_attn.q_proj.lora_B.default.weight', 'model.layers.8.self_attn.v_proj.base_layer.bias', 'model.layers.8.self_attn.v_proj.base_layer.weight', 'model.layers.8.self_attn.v_proj.lora_A.default.weight', 'model.layers.8.self_attn.v_proj.lora_B.default.weight', 'model.layers.9.self_attn.k_proj.base_layer.bias', 'model.layers.9.self_attn.k_proj.base_layer.weight', 'model.layers.9.self_attn.k_proj.lora_A.default.weight', 'model.layers.9.self_attn.k_proj.lora_B.default.weight', 'model.layers.9.self_attn.o_proj.base_layer.weight', 'model.layers.9.self_attn.o_proj.lora_A.default.weight', 'model.layers.9.self_attn.o_proj.lora_B.default.weight', 'model.layers.9.self_attn.q_proj.base_layer.bias', 'model.layers.9.self_attn.q_proj.base_layer.weight', 'model.layers.9.self_attn.q_proj.lora_A.default.weight', 'model.layers.9.self_attn.q_proj.lora_B.default.weight', 'model.layers.9.self_attn.v_proj.base_layer.bias', 'model.layers.9.self_attn.v_proj.base_layer.weight', 'model.layers.9.self_attn.v_proj.lora_A.default.weight', 'model.layers.9.self_attn.v_proj.lora_B.default.weight']
- This IS expected if you are initializing PGOTQwen2ForCausalLM from the checkpoint of a model trained on another task or with another architecture (e.g. initializing a BertForSequenceClassification model from a BertForPreTraining model).
- This IS NOT expected if you are initializing PGOTQwen2ForCausalLM from the checkpoint of a model that you expect to be exactly identical (initializing a BertForSequenceClassification model from a BertForSequenceClassification model).
Some weights of PGOTQwen2ForCausalLM were not initialized from the model checkpoint at /home/jovyan/PGOT/checkpoints/pgot_oneshot_owner_masked/checkpoint-5000 and are newly initialized: ['model.layers.0.self_attn.k_proj.bias', 'model.layers.0.self_attn.k_proj.weight', 'model.layers.0.self_attn.o_proj.weight', 'model.layers.0.self_attn.q_proj.bias', 'model.layers.0.self_attn.q_proj.weight', 'model.layers.0.self_attn.v_proj.bias', 'model.layers.0.self_attn.v_proj.weight', 'model.layers.1.self_attn.k_proj.bias', 'model.layers.1.self_attn.k_proj.weight', 'model.layers.1.self_attn.o_proj.weight', 'model.layers.1.self_attn.q_proj.bias', 'model.layers.1.self_attn.q_proj.weight', 'model.layers.1.self_attn.v_proj.bias', 'model.layers.1.self_attn.v_proj.weight', 'model.layers.10.self_attn.k_proj.bias', 'model.layers.10.self_attn.k_proj.weight', 'model.layers.10.self_attn.o_proj.weight', 'model.layers.10.self_attn.q_proj.bias', 'model.layers.10.self_attn.q_proj.weight', 'model.layers.10.self_attn.v_proj.bias', 'model.layers.10.self_attn.v_proj.weight', 'model.layers.11.self_attn.k_proj.bias', 'model.layers.11.self_attn.k_proj.weight', 'model.layers.11.self_attn.o_proj.weight', 'model.layers.11.self_attn.q_proj.bias', 'model.layers.11.self_attn.q_proj.weight', 'model.layers.11.self_attn.v_proj.bias', 'model.layers.11.self_attn.v_proj.weight', 'model.layers.12.self_attn.k_proj.bias', 'model.layers.12.self_attn.k_proj.weight', 'model.layers.12.self_attn.o_proj.weight', 'model.layers.12.self_attn.q_proj.bias', 'model.layers.12.self_attn.q_proj.weight', 'model.layers.12.self_attn.v_proj.bias', 'model.layers.12.self_attn.v_proj.weight', 'model.layers.13.self_attn.k_proj.bias', 'model.layers.13.self_attn.k_proj.weight', 'model.layers.13.self_attn.o_proj.weight', 'model.layers.13.self_attn.q_proj.bias', 'model.layers.13.self_attn.q_proj.weight', 'model.layers.13.self_attn.v_proj.bias', 'model.layers.13.self_attn.v_proj.weight', 'model.layers.14.self_attn.k_proj.bias', 'model.layers.14.self_attn.k_proj.weight', 'model.layers.14.self_attn.o_proj.weight', 'model.layers.14.self_attn.q_proj.bias', 'model.layers.14.self_attn.q_proj.weight', 'model.layers.14.self_attn.v_proj.bias', 'model.layers.14.self_attn.v_proj.weight', 'model.layers.15.self_attn.k_proj.bias', 'model.layers.15.self_attn.k_proj.weight', 'model.layers.15.self_attn.o_proj.weight', 'model.layers.15.self_attn.q_proj.bias', 'model.layers.15.self_attn.q_proj.weight', 'model.layers.15.self_attn.v_proj.bias', 'model.layers.15.self_attn.v_proj.weight', 'model.layers.16.self_attn.k_proj.bias', 'model.layers.16.self_attn.k_proj.weight', 'model.layers.16.self_attn.o_proj.weight', 'model.layers.16.self_attn.q_proj.bias', 'model.layers.16.self_attn.q_proj.weight', 'model.layers.16.self_attn.v_proj.bias', 'model.layers.16.self_attn.v_proj.weight', 'model.layers.17.self_attn.k_proj.bias', 'model.layers.17.self_attn.k_proj.weight', 'model.layers.17.self_attn.o_proj.weight', 'model.layers.17.self_attn.q_proj.bias', 'model.layers.17.self_attn.q_proj.weight', 'model.layers.17.self_attn.v_proj.bias', 'model.layers.17.self_attn.v_proj.weight', 'model.layers.18.self_attn.k_proj.bias', 'model.layers.18.self_attn.k_proj.weight', 'model.layers.18.self_attn.o_proj.weight', 'model.layers.18.self_attn.q_proj.bias', 'model.layers.18.self_attn.q_proj.weight', 'model.layers.18.self_attn.v_proj.bias', 'model.layers.18.self_attn.v_proj.weight', 'model.layers.19.self_attn.k_proj.bias', 'model.layers.19.self_attn.k_proj.weight', 'model.layers.19.self_attn.o_proj.weight', 'model.layers.19.self_attn.q_proj.bias', 'model.layers.19.self_attn.q_proj.weight', 'model.layers.19.self_attn.v_proj.bias', 'model.layers.19.self_attn.v_proj.weight', 'model.layers.2.self_attn.k_proj.bias', 'model.layers.2.self_attn.k_proj.weight', 'model.layers.2.self_attn.o_proj.weight', 'model.layers.2.self_attn.q_proj.bias', 'model.layers.2.self_attn.q_proj.weight', 'model.layers.2.self_attn.v_proj.bias', 'model.layers.2.self_attn.v_proj.weight', 'model.layers.20.self_attn.k_proj.bias', 'model.layers.20.self_attn.k_proj.weight', 'model.layers.20.self_attn.o_proj.weight', 'model.layers.20.self_attn.q_proj.bias', 'model.layers.20.self_attn.q_proj.weight', 'model.layers.20.self_attn.v_proj.bias', 'model.layers.20.self_attn.v_proj.weight', 'model.layers.21.self_attn.k_proj.bias', 'model.layers.21.self_attn.k_proj.weight', 'model.layers.21.self_attn.o_proj.weight', 'model.layers.21.self_attn.q_proj.bias', 'model.layers.21.self_attn.q_proj.weight', 'model.layers.21.self_attn.v_proj.bias', 'model.layers.21.self_attn.v_proj.weight', 'model.layers.22.self_attn.k_proj.bias', 'model.layers.22.self_attn.k_proj.weight', 'model.layers.22.self_attn.o_proj.weight', 'model.layers.22.self_attn.q_proj.bias', 'model.layers.22.self_attn.q_proj.weight', 'model.layers.22.self_attn.v_proj.bias', 'model.layers.22.self_attn.v_proj.weight', 'model.layers.23.self_attn.k_proj.bias', 'model.layers.23.self_attn.k_proj.weight', 'model.layers.23.self_attn.o_proj.weight', 'model.layers.23.self_attn.q_proj.bias', 'model.layers.23.self_attn.q_proj.weight', 'model.layers.23.self_attn.v_proj.bias', 'model.layers.23.self_attn.v_proj.weight', 'model.layers.24.self_attn.k_proj.bias', 'model.layers.24.self_attn.k_proj.weight', 'model.layers.24.self_attn.o_proj.weight', 'model.layers.24.self_attn.q_proj.bias', 'model.layers.24.self_attn.q_proj.weight', 'model.layers.24.self_attn.v_proj.bias', 'model.layers.24.self_attn.v_proj.weight', 'model.layers.25.self_attn.k_proj.bias', 'model.layers.25.self_attn.k_proj.weight', 'model.layers.25.self_attn.o_proj.weight', 'model.layers.25.self_attn.q_proj.bias', 'model.layers.25.self_attn.q_proj.weight', 'model.layers.25.self_attn.v_proj.bias', 'model.layers.25.self_attn.v_proj.weight', 'model.layers.26.self_attn.k_proj.bias', 'model.layers.26.self_attn.k_proj.weight', 'model.layers.26.self_attn.o_proj.weight', 'model.layers.26.self_attn.q_proj.bias', 'model.layers.26.self_attn.q_proj.weight', 'model.layers.26.self_attn.v_proj.bias', 'model.layers.26.self_attn.v_proj.weight', 'model.layers.27.self_attn.k_proj.bias', 'model.layers.27.self_attn.k_proj.weight', 'model.layers.27.self_attn.o_proj.weight', 'model.layers.27.self_attn.q_proj.bias', 'model.layers.27.self_attn.q_proj.weight', 'model.layers.27.self_attn.v_proj.bias', 'model.layers.27.self_attn.v_proj.weight', 'model.layers.3.self_attn.k_proj.bias', 'model.layers.3.self_attn.k_proj.weight', 'model.layers.3.self_attn.o_proj.weight', 'model.layers.3.self_attn.q_proj.bias', 'model.layers.3.self_attn.q_proj.weight', 'model.layers.3.self_attn.v_proj.bias', 'model.layers.3.self_attn.v_proj.weight', 'model.layers.4.self_attn.k_proj.bias', 'model.layers.4.self_attn.k_proj.weight', 'model.layers.4.self_attn.o_proj.weight', 'model.layers.4.self_attn.q_proj.bias', 'model.layers.4.self_attn.q_proj.weight', 'model.layers.4.self_attn.v_proj.bias', 'model.layers.4.self_attn.v_proj.weight', 'model.layers.5.self_attn.k_proj.bias', 'model.layers.5.self_attn.k_proj.weight', 'model.layers.5.self_attn.o_proj.weight', 'model.layers.5.self_attn.q_proj.bias', 'model.layers.5.self_attn.q_proj.weight', 'model.layers.5.self_attn.v_proj.bias', 'model.layers.5.self_attn.v_proj.weight', 'model.layers.6.self_attn.k_proj.bias', 'model.layers.6.self_attn.k_proj.weight', 'model.layers.6.self_attn.o_proj.weight', 'model.layers.6.self_attn.q_proj.bias', 'model.layers.6.self_attn.q_proj.weight', 'model.layers.6.self_attn.v_proj.bias', 'model.layers.6.self_attn.v_proj.weight', 'model.layers.7.self_attn.k_proj.bias', 'model.layers.7.self_attn.k_proj.weight', 'model.layers.7.self_attn.o_proj.weight', 'model.layers.7.self_attn.q_proj.bias', 'model.layers.7.self_attn.q_proj.weight', 'model.layers.7.self_attn.v_proj.bias', 'model.layers.7.self_attn.v_proj.weight', 'model.layers.8.self_attn.k_proj.bias', 'model.layers.8.self_attn.k_proj.weight', 'model.layers.8.self_attn.o_proj.weight', 'model.layers.8.self_attn.q_proj.bias', 'model.layers.8.self_attn.q_proj.weight', 'model.layers.8.self_attn.v_proj.bias', 'model.layers.8.self_attn.v_proj.weight', 'model.layers.9.self_attn.k_proj.bias', 'model.layers.9.self_attn.k_proj.weight', 'model.layers.9.self_attn.o_proj.weight', 'model.layers.9.self_attn.q_proj.bias', 'model.layers.9.self_attn.q_proj.weight', 'model.layers.9.self_attn.v_proj.bias', 'model.layers.9.self_attn.v_proj.weight']
You should probably TRAIN this model on a down-stream task to be able to use it for predictions and inference.
Special tokens have been added in the vocabulary, make sure the associated word embeddings are fine-tuned or trained.
/home/jovyan/.conda/envs/scale_rae/lib/python3.10/site-packages/huggingface_hub/file_download.py:1142: FutureWarning: `resume_download` is deprecated and will be removed in version 1.0.0. Downloads always resume when possible. If you want to force a new download, use `force_download=True`.
  warnings.warn(
2026-09-07 06:16:19 PID=13846 visualize_ovt_overlays.py:149 _load_model() INFO → [LoRA] re-loaded ckpt after adapter injection | unexpected=0
2026-09-07 06:16:23 PID=13846 run_eval.py:94 load_rae_decoder() INFO → Loading RAE decoder (nyu-visionx/siglip2_decoder) for encoder=google/siglip2-so400m-patch14-224 P=256
2026-09-07 06:16:29 PID=13846 run_eval.py:158 __init__() INFO → CocoInstanceMaskCache: (5000, 512, 512), size=512, mode=coda
2026-09-07 06:16:29 PID=13846 run_eval.py:170 __init__() INFO → Loaded CODA overlap masks: (5000, 512, 512)
pretrain_adapter_and_vision_head is: None
Decoder loaded successfully
{
  "model_path": "/home/jovyan/PGOT/checkpoints/pgot_oneshot_owner_masked_15k/checkpoint-10000",
  "one_shot_readout_mode": "owner_masked",
  "protocol": "one-shot Reader: same semantic owners/ownership/noise; interventions zero or swap raw SigLIP patch values grouped by the model's own predicted patch ownership",
  "records": [
    {
      "target_sample_index": 1,
      "target_image_id": 285,
      "target_object_index": 0,
      "donor_sample_index": 193,
      "donor_image_id": 20247,
      "donor_object_index": 0,
      "category": "bear",
      "selected_object_patch_count": 779,
      "object_patch_count": 779,
      "fixed_noise_seed": 123,
      "guidance_scale": 1.0,
      "diffusion_inference_steps": 10,
      "losses": {
        "full": 0.4292832612991333,
        "object_only": 2.057227373123169,
        "register_only": 3.3438985347747803,
        "all_zero": 4.432384014129639,
        "selected_zero": 3.3438985347747803,
        "same_category_swap": 1.033549189567566,
        "same_category_bundle_swap": 0.9387529492378235
      },
      "grid": "/home/jovyan/PGOT/outputs/analysis_oneshot_owner_masked_15k_visuals/sample1_obj0_bear_patch_grid.png"
    },
    {
      "target_sample_index": 500,
      "target_image_id": 58705,
      "target_object_index": 0,
      "donor_sample_index": 5,
      "donor_image_id": 785,
      "donor_object_index": 0,
      "category": "person",
      "selected_object_patch_count": 280,
      "object_patch_count": 556,
      "fixed_noise_seed": 124,
      "guidance_scale": 1.0,
      "diffusion_inference_steps": 10,
      "losses": {
        "full": 0.673163115978241,
        "object_only": 2.7471466064453125,
        "register_only": 2.7312071323394775,
        "all_zero": 4.1421637535095215,
        "selected_zero": 2.116981029510498,
        "same_category_swap": 0.95573490858078,
        "same_category_bundle_swap": 1.0627981424331665
      },
      "grid": "/home/jovyan/PGOT/outputs/analysis_oneshot_owner_masked_15k_visuals/sample500_obj0_person_patch_grid.png"
    },
    {
      "target_sample_index": 1407,
      "target_image_id": 171298,
      "target_object_index": 0,
      "donor_sample_index": 17,
      "donor_image_id": 1584,
      "donor_object_index": 0,
      "category": "bus",
      "selected_object_patch_count": 495,
      "object_patch_count": 694,
      "fixed_noise_seed": 125,
      "guidance_scale": 1.0,
      "diffusion_inference_steps": 10,
      "losses": {
        "full": 0.7333468198776245,
        "object_only": 2.341902017593384,
        "register_only": 3.5010061264038086,
        "all_zero": 4.8173508644104,
        "selected_zero": 2.806299924850464,
        "same_category_swap": 1.2681827545166016,
        "same_category_bundle_swap": 1.2513012886047363
      },
      "grid": "/home/jovyan/PGOT/outputs/analysis_oneshot_owner_masked_15k_visuals/sample1407_obj0_bus_patch_grid.png"
    }
  ],
  "ar_segmentation_caption_records": [
    {
      "sample_index": 1,
      "image_id": 285,
      "caption_gt_count": 1,
      "coco_metric_gt_count": 1,
      "counted_ovt": 1,
      "complete_object_records": 1,
      "spatially_active_predicted_objects": 1,
      "scene_end_generated": true,
      "metrics": {
        "fARI": 0.0,
        "mBO": 0.9517349004745483,
        "mIoU": 0.9008413553237915
      },
      "grid": "/home/jovyan/PGOT/outputs/analysis_oneshot_owner_masked_15k_visuals/ar_sample1_segmentation_caption.png"
    },
    {
      "sample_index": 5,
      "image_id": 785,
      "caption_gt_count": 2,
      "coco_metric_gt_count": 2,
      "counted_ovt": 3,
      "complete_object_records": 3,
      "spatially_active_predicted_objects": 3,
      "scene_end_generated": true,
      "metrics": {
        "fARI": 0.7837516665458679,
        "mBO": 0.5371745824813843,
        "mIoU": 0.6714536547660828
      },
      "grid": "/home/jovyan/PGOT/outputs/analysis_oneshot_owner_masked_15k_visuals/ar_sample5_segmentation_caption.png"
    },
    {
      "sample_index": 1439,
      "image_id": 174371,
      "caption_gt_count": 9,
      "coco_metric_gt_count": 8,
      "counted_ovt": 30,
      "complete_object_records": 30,
      "spatially_active_predicted_objects": 11,
      "scene_end_generated": false,
      "metrics": {
        "fARI": 0.7947070598602295,
        "mBO": 0.4696369171142578,
        "mIoU": 0.4811600148677826
      },
      "grid": "/home/jovyan/PGOT/outputs/analysis_oneshot_owner_masked_15k_visuals/ar_sample1439_segmentation_caption.png"
    },
    {
      "sample_index": 4494,
      "image_id": 554291,
      "caption_gt_count": 1,
      "coco_metric_gt_count": 8,
      "counted_ovt": 16,
      "complete_object_records": 16,
      "spatially_active_predicted_objects": 9,
      "scene_end_generated": true,
      "metrics": {
        "fARI": 0.7775298357009888,
        "mBO": 0.3406546413898468,
        "mIoU": 0.35274532437324524
      },
      "grid": "/home/jovyan/PGOT/outputs/analysis_oneshot_owner_masked_15k_visuals/ar_sample4494_segmentation_caption.png"
    },
    {
      "sample_index": 984,
      "image_id": 122962,
      "caption_gt_count": 30,
      "coco_metric_gt_count": 25,
      "counted_ovt": 11,
      "complete_object_records": 11,
      "spatially_active_predicted_objects": 11,
      "scene_end_generated": false,
      "metrics": {
        "fARI": 0.5272807478904724,
        "mBO": 0.20290260016918182,
        "mIoU": 0.18873825669288635
      },
      "grid": "/home/jovyan/PGOT/outputs/analysis_oneshot_owner_masked_15k_visuals/ar_sample984_segmentation_caption.png"
    },
    {
      "sample_index": 28,
      "image_id": 2431,
      "caption_gt_count": 7,
      "coco_metric_gt_count": 3,
      "counted_ovt": 50,
      "complete_object_records": 8,
      "spatially_active_predicted_objects": 18,
      "scene_end_generated": false,
      "metrics": {
        "fARI": 0.06465984880924225,
        "mBO": 0.3006702959537506,
        "mIoU": 0.4170922040939331
      },
      "grid": "/home/jovyan/PGOT/outputs/analysis_oneshot_owner_masked_15k_visuals/ar_sample28_segmentation_caption.png"
    }
  ]
}
