2026-06-08 12:27:52 PID=1048453 __init__.py:49 setup_logging() INFO → 'standard' logger initialized.
Using cache found in /home/jovyan/.cache/torch/hub/facebookresearch_dinov2_main
/home/jovyan/.cache/torch/hub/facebookresearch_dinov2_main/dinov2/layers/swiglu_ffn.py:51: UserWarning: xFormers is not available (SwiGLU)
  warnings.warn("xFormers is not available (SwiGLU)")
/home/jovyan/.cache/torch/hub/facebookresearch_dinov2_main/dinov2/layers/attention.py:33: UserWarning: xFormers is not available (Attention)
  warnings.warn("xFormers is not available (Attention)")
/home/jovyan/.cache/torch/hub/facebookresearch_dinov2_main/dinov2/layers/block.py:40: UserWarning: xFormers is not available (Block)
  warnings.warn("xFormers is not available (Block)")
2026-06-08 12:27:59 PID=1048453 vision_transformer.py:125 __init__() INFO → using MLP layer as FFN
/home/jovyan/.conda/envs/scale_rae/lib/python3.10/site-packages/huggingface_hub/file_download.py:1142: FutureWarning: `resume_download` is deprecated and will be removed in version 1.0.0. Downloads always resume when possible. If you want to force a new download, use `force_download=True`.
  warnings.warn(
loading annotations into memory...
Done (t=0.60s)
creating index...
index created!
Dataset Size:5000
Dataset Class Num:80
/home/jovyan/PGOT/outputs/coda_fari_diagnostic_sample0/fari_diagnostic_dashboard.png
{
  "scores": {
    "fARI": 0.0,
    "mBO": 0.6801601052284241,
    "mIoU": 0.7552984952926636
  },
  "ari_parts": {
    "foreground_pixels": 204461,
    "same_gt_same_pred_pairs": 21701197490.0,
    "same_gt_pairs": 41804096060.0,
    "same_pred_pairs": 21701197490.0,
    "expected_random_pairs": 21701197490.0,
    "max_possible_pairs": 31752646775.0,
    "fari": 0.0
  }
}
