2026-06-08 12:29:08 PID=1048986 __init__.py:49 setup_logging() INFO → 'standard' logger initialized.
Using cache found in /home/jovyan/.cache/torch/hub/facebookresearch_dinov2_main
/home/jovyan/.cache/torch/hub/facebookresearch_dinov2_main/dinov2/layers/swiglu_ffn.py:51: UserWarning: xFormers is not available (SwiGLU)
  warnings.warn("xFormers is not available (SwiGLU)")
/home/jovyan/.cache/torch/hub/facebookresearch_dinov2_main/dinov2/layers/attention.py:33: UserWarning: xFormers is not available (Attention)
  warnings.warn("xFormers is not available (Attention)")
/home/jovyan/.cache/torch/hub/facebookresearch_dinov2_main/dinov2/layers/block.py:40: UserWarning: xFormers is not available (Block)
  warnings.warn("xFormers is not available (Block)")
2026-06-08 12:29:26 PID=1048986 vision_transformer.py:125 __init__() INFO → using MLP layer as FFN
/home/jovyan/.conda/envs/scale_rae/lib/python3.10/site-packages/huggingface_hub/file_download.py:1142: FutureWarning: `resume_download` is deprecated and will be removed in version 1.0.0. Downloads always resume when possible. If you want to force a new download, use `force_download=True`.
  warnings.warn(
loading annotations into memory...
Done (t=4.89s)
creating index...
index created!
Dataset Size:5000
Dataset Class Num:80
/home/jovyan/PGOT/outputs/coda_fari_diagnostic_sample1020/fari_diagnostic_dashboard.png
{
  "scores": {
    "fARI": 0.025337833911180496,
    "mBO": 0.32816049456596375,
    "mIoU": 0.35340094566345215
  },
  "ari_parts": {
    "foreground_pixels": 60336,
    "same_gt_same_pred_pairs": 2346931490.0,
    "same_gt_pairs": 3614760162.0,
    "same_pred_pairs": 2346963866.0,
    "expected_random_pairs": 2330451442.7145076,
    "max_possible_pairs": 2980862014.0,
    "fari": 0.02533791425456189
  }
}
